C:\Disertation\UoB-GeneTraceAI-25-26\final_pipeline\02_Proteinomics\06_protein_score_M2.py:301: RuntimeWarning: All-NaN slice encountered
  med = np.nanmedian(X, axis=0, keepdims=True)
C:\Disertation\UoB-GeneTraceAI-25-26\final_pipeline\02_Proteinomics\06_protein_score_M2.py:302: RuntimeWarning: All-NaN slice encountered
  mad = np.nanmedian(np.abs(X - med), axis=0, keepdims=True)
C:\Users\vigne\AppData\Roaming\Python\Python314\site-packages\numpy\lib\_nanfunctions_impl.py:1997: RuntimeWarning: Degrees of freedom <= 0 for slice.
  var = nanvar(a, axis=axis, dtype=dtype, out=out, ddof=ddof,
C:\Disertation\UoB-GeneTraceAI-25-26\final_pipeline\02_Proteinomics\06_protein_score_M2.py:301: RuntimeWarning: All-NaN slice encountered
  med = np.nanmedian(X, axis=0, keepdims=True)
C:\Disertation\UoB-GeneTraceAI-25-26\final_pipeline\02_Proteinomics\06_protein_score_M2.py:302: RuntimeWarning: All-NaN slice encountered
  mad = np.nanmedian(np.abs(X - med), axis=0, keepdims=True)
C:\Users\vigne\AppData\Roaming\Python\Python314\site-packages\numpy\lib\_nanfunctions_impl.py:1997: RuntimeWarning: Degrees of freedom <= 0 for slice.
  var = nanvar(a, axis=axis, dtype=dtype, out=out, ddof=ddof,
C:\Disertation\UoB-GeneTraceAI-25-26\final_pipeline\02_Proteinomics\06_protein_score_M2.py:301: RuntimeWarning: All-NaN slice encountered
  med = np.nanmedian(X, axis=0, keepdims=True)
C:\Disertation\UoB-GeneTraceAI-25-26\final_pipeline\02_Proteinomics\06_protein_score_M2.py:302: RuntimeWarning: All-NaN slice encountered
  mad = np.nanmedian(np.abs(X - med), axis=0, keepdims=True)
C:\Users\vigne\AppData\Roaming\Python\Python314\site-packages\numpy\lib\_nanfunctions_impl.py:1997: RuntimeWarning: Degrees of freedom <= 0 for slice.
  var = nanvar(a, axis=axis, dtype=dtype, out=out, ddof=ddof,
C:\Disertation\UoB-GeneTraceAI-25-26\final_pipeline\02_Proteinomics\06_protein_score_M2.py:301: RuntimeWarning: All-NaN slice encountered
  med = np.nanmedian(X, axis=0, keepdims=True)
C:\Disertation\UoB-GeneTraceAI-25-26\final_pipeline\02_Proteinomics\06_protein_score_M2.py:302: RuntimeWarning: All-NaN slice encountered
  mad = np.nanmedian(np.abs(X - med), axis=0, keepdims=True)
C:\Users\vigne\AppData\Roaming\Python\Python314\site-packages\numpy\lib\_nanfunctions_impl.py:1997: RuntimeWarning: Degrees of freedom <= 0 for slice.
  var = nanvar(a, axis=axis, dtype=dtype, out=out, ddof=ddof,
C:\Disertation\UoB-GeneTraceAI-25-26\final_pipeline\02_Proteinomics\06_protein_score_M2.py:301: RuntimeWarning: All-NaN slice encountered
  med = np.nanmedian(X, axis=0, keepdims=True)
C:\Disertation\UoB-GeneTraceAI-25-26\final_pipeline\02_Proteinomics\06_protein_score_M2.py:302: RuntimeWarning: All-NaN slice encountered
  mad = np.nanmedian(np.abs(X - med), axis=0, keepdims=True)
C:\Users\vigne\AppData\Roaming\Python\Python314\site-packages\numpy\lib\_nanfunctions_impl.py:1997: RuntimeWarning: Degrees of freedom <= 0 for slice.
  var = nanvar(a, axis=axis, dtype=dtype, out=out, ddof=ddof,
C:\Disertation\UoB-GeneTraceAI-25-26\final_pipeline\02_Proteinomics\06_protein_score_M2.py:301: RuntimeWarning: All-NaN slice encountered
  med = np.nanmedian(X, axis=0, keepdims=True)
C:\Disertation\UoB-GeneTraceAI-25-26\final_pipeline\02_Proteinomics\06_protein_score_M2.py:302: RuntimeWarning: All-NaN slice encountered
  mad = np.nanmedian(np.abs(X - med), axis=0, keepdims=True)
C:\Users\vigne\AppData\Roaming\Python\Python314\site-packages\numpy\lib\_nanfunctions_impl.py:1997: RuntimeWarning: Degrees of freedom <= 0 for slice.
  var = nanvar(a, axis=axis, dtype=dtype, out=out, ddof=ddof,
C:\Disertation\UoB-GeneTraceAI-25-26\final_pipeline\02_Proteinomics\06_protein_score_M2.py:301: RuntimeWarning: All-NaN slice encountered
  med = np.nanmedian(X, axis=0, keepdims=True)
C:\Disertation\UoB-GeneTraceAI-25-26\final_pipeline\02_Proteinomics\06_protein_score_M2.py:302: RuntimeWarning: All-NaN slice encountered
  mad = np.nanmedian(np.abs(X - med), axis=0, keepdims=True)
C:\Users\vigne\AppData\Roaming\Python\Python314\site-packages\numpy\lib\_nanfunctions_impl.py:1997: RuntimeWarning: Degrees of freedom <= 0 for slice.
  var = nanvar(a, axis=axis, dtype=dtype, out=out, ddof=ddof,
C:\Disertation\UoB-GeneTraceAI-25-26\final_pipeline\02_Proteinomics\06_protein_score_M2.py:301: RuntimeWarning: All-NaN slice encountered
  med = np.nanmedian(X, axis=0, keepdims=True)
C:\Disertation\UoB-GeneTraceAI-25-26\final_pipeline\02_Proteinomics\06_protein_score_M2.py:302: RuntimeWarning: All-NaN slice encountered
  mad = np.nanmedian(np.abs(X - med), axis=0, keepdims=True)
C:\Users\vigne\AppData\Roaming\Python\Python314\site-packages\numpy\lib\_nanfunctions_impl.py:1997: RuntimeWarning: Degrees of freedom <= 0 for slice.
  var = nanvar(a, axis=axis, dtype=dtype, out=out, ddof=ddof,
C:\Disertation\UoB-GeneTraceAI-25-26\final_pipeline\02_Proteinomics\06_protein_score_M2.py:301: RuntimeWarning: All-NaN slice encountered
  med = np.nanmedian(X, axis=0, keepdims=True)
C:\Disertation\UoB-GeneTraceAI-25-26\final_pipeline\02_Proteinomics\06_protein_score_M2.py:302: RuntimeWarning: All-NaN slice encountered
  mad = np.nanmedian(np.abs(X - med), axis=0, keepdims=True)
C:\Users\vigne\AppData\Roaming\Python\Python314\site-packages\numpy\lib\_nanfunctions_impl.py:1997: RuntimeWarning: Degrees of freedom <= 0 for slice.
  var = nanvar(a, axis=axis, dtype=dtype, out=out, ddof=ddof,
C:\Disertation\UoB-GeneTraceAI-25-26\final_pipeline\02_Proteinomics\06_protein_score_M2.py:301: RuntimeWarning: All-NaN slice encountered
  med = np.nanmedian(X, axis=0, keepdims=True)
C:\Disertation\UoB-GeneTraceAI-25-26\final_pipeline\02_Proteinomics\06_protein_score_M2.py:302: RuntimeWarning: All-NaN slice encountered
  mad = np.nanmedian(np.abs(X - med), axis=0, keepdims=True)
C:\Users\vigne\AppData\Roaming\Python\Python314\site-packages\numpy\lib\_nanfunctions_impl.py:1997: RuntimeWarning: Degrees of freedom <= 0 for slice.
  var = nanvar(a, axis=axis, dtype=dtype, out=out, ddof=ddof,
C:\Disertation\UoB-GeneTraceAI-25-26\final_pipeline\02_Proteinomics\06_protein_score_M2.py:301: RuntimeWarning: All-NaN slice encountered
  med = np.nanmedian(X, axis=0, keepdims=True)
C:\Disertation\UoB-GeneTraceAI-25-26\final_pipeline\02_Proteinomics\06_protein_score_M2.py:302: RuntimeWarning: All-NaN slice encountered
  mad = np.nanmedian(np.abs(X - med), axis=0, keepdims=True)
C:\Users\vigne\AppData\Roaming\Python\Python314\site-packages\numpy\lib\_nanfunctions_impl.py:1997: RuntimeWarning: Degrees of freedom <= 0 for slice.
  var = nanvar(a, axis=axis, dtype=dtype, out=out, ddof=ddof,
C:\Disertation\UoB-GeneTraceAI-25-26\final_pipeline\02_Proteinomics\06_protein_score_M2.py:301: RuntimeWarning: All-NaN slice encountered
  med = np.nanmedian(X, axis=0, keepdims=True)
C:\Disertation\UoB-GeneTraceAI-25-26\final_pipeline\02_Proteinomics\06_protein_score_M2.py:302: RuntimeWarning: All-NaN slice encountered
  mad = np.nanmedian(np.abs(X - med), axis=0, keepdims=True)
C:\Users\vigne\AppData\Roaming\Python\Python314\site-packages\numpy\lib\_nanfunctions_impl.py:1997: RuntimeWarning: Degrees of freedom <= 0 for slice.
  var = nanvar(a, axis=axis, dtype=dtype, out=out, ddof=ddof,
C:\Disertation\UoB-GeneTraceAI-25-26\final_pipeline\02_Proteinomics\06_protein_score_M2.py:301: RuntimeWarning: All-NaN slice encountered
  med = np.nanmedian(X, axis=0, keepdims=True)
C:\Disertation\UoB-GeneTraceAI-25-26\final_pipeline\02_Proteinomics\06_protein_score_M2.py:302: RuntimeWarning: All-NaN slice encountered
  mad = np.nanmedian(np.abs(X - med), axis=0, keepdims=True)
C:\Users\vigne\AppData\Roaming\Python\Python314\site-packages\numpy\lib\_nanfunctions_impl.py:1997: RuntimeWarning: Degrees of freedom <= 0 for slice.
  var = nanvar(a, axis=axis, dtype=dtype, out=out, ddof=ddof,
C:\Disertation\UoB-GeneTraceAI-25-26\final_pipeline\02_Proteinomics\06_protein_score_M2.py:301: RuntimeWarning: All-NaN slice encountered
  med = np.nanmedian(X, axis=0, keepdims=True)
C:\Disertation\UoB-GeneTraceAI-25-26\final_pipeline\02_Proteinomics\06_protein_score_M2.py:302: RuntimeWarning: All-NaN slice encountered
  mad = np.nanmedian(np.abs(X - med), axis=0, keepdims=True)
C:\Users\vigne\AppData\Roaming\Python\Python314\site-packages\numpy\lib\_nanfunctions_impl.py:1997: RuntimeWarning: Degrees of freedom <= 0 for slice.
  var = nanvar(a, axis=axis, dtype=dtype, out=out, ddof=ddof,
C:\Disertation\UoB-GeneTraceAI-25-26\final_pipeline\02_Proteinomics\06_protein_score_M2.py:301: RuntimeWarning: All-NaN slice encountered
  med = np.nanmedian(X, axis=0, keepdims=True)
C:\Disertation\UoB-GeneTraceAI-25-26\final_pipeline\02_Proteinomics\06_protein_score_M2.py:302: RuntimeWarning: All-NaN slice encountered
  mad = np.nanmedian(np.abs(X - med), axis=0, keepdims=True)
C:\Users\vigne\AppData\Roaming\Python\Python314\site-packages\numpy\lib\_nanfunctions_impl.py:1997: RuntimeWarning: Degrees of freedom <= 0 for slice.
  var = nanvar(a, axis=axis, dtype=dtype, out=out, ddof=ddof,
C:\Disertation\UoB-GeneTraceAI-25-26\final_pipeline\02_Proteinomics\06_protein_score_M2.py:301: RuntimeWarning: All-NaN slice encountered
  med = np.nanmedian(X, axis=0, keepdims=True)
C:\Disertation\UoB-GeneTraceAI-25-26\final_pipeline\02_Proteinomics\06_protein_score_M2.py:302: RuntimeWarning: All-NaN slice encountered
  mad = np.nanmedian(np.abs(X - med), axis=0, keepdims=True)
C:\Users\vigne\AppData\Roaming\Python\Python314\site-packages\numpy\lib\_nanfunctions_impl.py:1997: RuntimeWarning: Degrees of freedom <= 0 for slice.
  var = nanvar(a, axis=axis, dtype=dtype, out=out, ddof=ddof,
C:\Disertation\UoB-GeneTraceAI-25-26\final_pipeline\02_Proteinomics\06_protein_score_M2.py:301: RuntimeWarning: All-NaN slice encountered
  med = np.nanmedian(X, axis=0, keepdims=True)
C:\Disertation\UoB-GeneTraceAI-25-26\final_pipeline\02_Proteinomics\06_protein_score_M2.py:302: RuntimeWarning: All-NaN slice encountered
  mad = np.nanmedian(np.abs(X - med), axis=0, keepdims=True)
C:\Users\vigne\AppData\Roaming\Python\Python314\site-packages\numpy\lib\_nanfunctions_impl.py:1997: RuntimeWarning: Degrees of freedom <= 0 for slice.
  var = nanvar(a, axis=axis, dtype=dtype, out=out, ddof=ddof,
C:\Disertation\UoB-GeneTraceAI-25-26\final_pipeline\02_Proteinomics\06_protein_score_M2.py:301: RuntimeWarning: All-NaN slice encountered
  med = np.nanmedian(X, axis=0, keepdims=True)
C:\Disertation\UoB-GeneTraceAI-25-26\final_pipeline\02_Proteinomics\06_protein_score_M2.py:302: RuntimeWarning: All-NaN slice encountered
  mad = np.nanmedian(np.abs(X - med), axis=0, keepdims=True)
C:\Users\vigne\AppData\Roaming\Python\Python314\site-packages\numpy\lib\_nanfunctions_impl.py:1997: RuntimeWarning: Degrees of freedom <= 0 for slice.
  var = nanvar(a, axis=axis, dtype=dtype, out=out, ddof=ddof,
C:\Disertation\UoB-GeneTraceAI-25-26\final_pipeline\02_Proteinomics\06_protein_score_M2.py:301: RuntimeWarning: All-NaN slice encountered
  med = np.nanmedian(X, axis=0, keepdims=True)
C:\Disertation\UoB-GeneTraceAI-25-26\final_pipeline\02_Proteinomics\06_protein_score_M2.py:302: RuntimeWarning: All-NaN slice encountered
  mad = np.nanmedian(np.abs(X - med), axis=0, keepdims=True)
C:\Users\vigne\AppData\Roaming\Python\Python314\site-packages\numpy\lib\_nanfunctions_impl.py:1997: RuntimeWarning: Degrees of freedom <= 0 for slice.
  var = nanvar(a, axis=axis, dtype=dtype, out=out, ddof=ddof,
C:\Disertation\UoB-GeneTraceAI-25-26\final_pipeline\02_Proteinomics\06_protein_score_M2.py:301: RuntimeWarning: All-NaN slice encountered
  med = np.nanmedian(X, axis=0, keepdims=True)
C:\Disertation\UoB-GeneTraceAI-25-26\final_pipeline\02_Proteinomics\06_protein_score_M2.py:302: RuntimeWarning: All-NaN slice encountered
  mad = np.nanmedian(np.abs(X - med), axis=0, keepdims=True)
C:\Users\vigne\AppData\Roaming\Python\Python314\site-packages\numpy\lib\_nanfunctions_impl.py:1997: RuntimeWarning: Degrees of freedom <= 0 for slice.
  var = nanvar(a, axis=axis, dtype=dtype, out=out, ddof=ddof,
C:\Disertation\UoB-GeneTraceAI-25-26\final_pipeline\02_Proteinomics\06_protein_score_M2.py:301: RuntimeWarning: All-NaN slice encountered
  med = np.nanmedian(X, axis=0, keepdims=True)
C:\Disertation\UoB-GeneTraceAI-25-26\final_pipeline\02_Proteinomics\06_protein_score_M2.py:302: RuntimeWarning: All-NaN slice encountered
  mad = np.nanmedian(np.abs(X - med), axis=0, keepdims=True)
C:\Users\vigne\AppData\Roaming\Python\Python314\site-packages\numpy\lib\_nanfunctions_impl.py:1997: RuntimeWarning: Degrees of freedom <= 0 for slice.
  var = nanvar(a, axis=axis, dtype=dtype, out=out, ddof=ddof,
C:\Disertation\UoB-GeneTraceAI-25-26\final_pipeline\02_Proteinomics\06_protein_score_M2.py:301: RuntimeWarning: All-NaN slice encountered
  med = np.nanmedian(X, axis=0, keepdims=True)
C:\Disertation\UoB-GeneTraceAI-25-26\final_pipeline\02_Proteinomics\06_protein_score_M2.py:302: RuntimeWarning: All-NaN slice encountered
  mad = np.nanmedian(np.abs(X - med), axis=0, keepdims=True)
C:\Users\vigne\AppData\Roaming\Python\Python314\site-packages\numpy\lib\_nanfunctions_impl.py:1997: RuntimeWarning: Degrees of freedom <= 0 for slice.
  var = nanvar(a, axis=axis, dtype=dtype, out=out, ddof=ddof,
C:\Disertation\UoB-GeneTraceAI-25-26\final_pipeline\02_Proteinomics\06_protein_score_M2.py:301: RuntimeWarning: All-NaN slice encountered
  med = np.nanmedian(X, axis=0, keepdims=True)
C:\Disertation\UoB-GeneTraceAI-25-26\final_pipeline\02_Proteinomics\06_protein_score_M2.py:302: RuntimeWarning: All-NaN slice encountered
  mad = np.nanmedian(np.abs(X - med), axis=0, keepdims=True)
C:\Users\vigne\AppData\Roaming\Python\Python314\site-packages\numpy\lib\_nanfunctions_impl.py:1997: RuntimeWarning: Degrees of freedom <= 0 for slice.
  var = nanvar(a, axis=axis, dtype=dtype, out=out, ddof=ddof,
C:\Disertation\UoB-GeneTraceAI-25-26\final_pipeline\02_Proteinomics\06_protein_score_M2.py:301: RuntimeWarning: All-NaN slice encountered
  med = np.nanmedian(X, axis=0, keepdims=True)
C:\Disertation\UoB-GeneTraceAI-25-26\final_pipeline\02_Proteinomics\06_protein_score_M2.py:302: RuntimeWarning: All-NaN slice encountered
  mad = np.nanmedian(np.abs(X - med), axis=0, keepdims=True)
C:\Users\vigne\AppData\Roaming\Python\Python314\site-packages\numpy\lib\_nanfunctions_impl.py:1997: RuntimeWarning: Degrees of freedom <= 0 for slice.
  var = nanvar(a, axis=axis, dtype=dtype, out=out, ddof=ddof,
C:\Disertation\UoB-GeneTraceAI-25-26\final_pipeline\02_Proteinomics\06_protein_score_M2.py:301: RuntimeWarning: All-NaN slice encountered
  med = np.nanmedian(X, axis=0, keepdims=True)
C:\Disertation\UoB-GeneTraceAI-25-26\final_pipeline\02_Proteinomics\06_protein_score_M2.py:302: RuntimeWarning: All-NaN slice encountered
  mad = np.nanmedian(np.abs(X - med), axis=0, keepdims=True)
C:\Users\vigne\AppData\Roaming\Python\Python314\site-packages\numpy\lib\_nanfunctions_impl.py:1997: RuntimeWarning: Degrees of freedom <= 0 for slice.
  var = nanvar(a, axis=axis, dtype=dtype, out=out, ddof=ddof,
C:\Disertation\UoB-GeneTraceAI-25-26\final_pipeline\02_Proteinomics\06_protein_score_M2.py:301: RuntimeWarning: All-NaN slice encountered
  med = np.nanmedian(X, axis=0, keepdims=True)
C:\Disertation\UoB-GeneTraceAI-25-26\final_pipeline\02_Proteinomics\06_protein_score_M2.py:302: RuntimeWarning: All-NaN slice encountered
  mad = np.nanmedian(np.abs(X - med), axis=0, keepdims=True)
C:\Users\vigne\AppData\Roaming\Python\Python314\site-packages\numpy\lib\_nanfunctions_impl.py:1997: RuntimeWarning: Degrees of freedom <= 0 for slice.
  var = nanvar(a, axis=axis, dtype=dtype, out=out, ddof=ddof,
C:\Disertation\UoB-GeneTraceAI-25-26\final_pipeline\02_Proteinomics\06_protein_score_M2.py:301: RuntimeWarning: All-NaN slice encountered
  med = np.nanmedian(X, axis=0, keepdims=True)
C:\Disertation\UoB-GeneTraceAI-25-26\final_pipeline\02_Proteinomics\06_protein_score_M2.py:302: RuntimeWarning: All-NaN slice encountered
  mad = np.nanmedian(np.abs(X - med), axis=0, keepdims=True)
C:\Users\vigne\AppData\Roaming\Python\Python314\site-packages\numpy\lib\_nanfunctions_impl.py:1997: RuntimeWarning: Degrees of freedom <= 0 for slice.
  var = nanvar(a, axis=axis, dtype=dtype, out=out, ddof=ddof,
C:\Disertation\UoB-GeneTraceAI-25-26\final_pipeline\02_Proteinomics\06_protein_score_M2.py:301: RuntimeWarning: All-NaN slice encountered
  med = np.nanmedian(X, axis=0, keepdims=True)
C:\Disertation\UoB-GeneTraceAI-25-26\final_pipeline\02_Proteinomics\06_protein_score_M2.py:302: RuntimeWarning: All-NaN slice encountered
  mad = np.nanmedian(np.abs(X - med), axis=0, keepdims=True)
C:\Users\vigne\AppData\Roaming\Python\Python314\site-packages\numpy\lib\_nanfunctions_impl.py:1997: RuntimeWarning: Degrees of freedom <= 0 for slice.
  var = nanvar(a, axis=axis, dtype=dtype, out=out, ddof=ddof,
C:\Disertation\UoB-GeneTraceAI-25-26\final_pipeline\02_Proteinomics\06_protein_score_M2.py:301: RuntimeWarning: All-NaN slice encountered
  med = np.nanmedian(X, axis=0, keepdims=True)
C:\Disertation\UoB-GeneTraceAI-25-26\final_pipeline\02_Proteinomics\06_protein_score_M2.py:302: RuntimeWarning: All-NaN slice encountered
  mad = np.nanmedian(np.abs(X - med), axis=0, keepdims=True)
C:\Users\vigne\AppData\Roaming\Python\Python314\site-packages\numpy\lib\_nanfunctions_impl.py:1997: RuntimeWarning: Degrees of freedom <= 0 for slice.
  var = nanvar(a, axis=axis, dtype=dtype, out=out, ddof=ddof,
C:\Disertation\UoB-GeneTraceAI-25-26\final_pipeline\02_Proteinomics\06_protein_score_M2.py:301: RuntimeWarning: All-NaN slice encountered
  med = np.nanmedian(X, axis=0, keepdims=True)
C:\Disertation\UoB-GeneTraceAI-25-26\final_pipeline\02_Proteinomics\06_protein_score_M2.py:302: RuntimeWarning: All-NaN slice encountered
  mad = np.nanmedian(np.abs(X - med), axis=0, keepdims=True)
C:\Users\vigne\AppData\Roaming\Python\Python314\site-packages\numpy\lib\_nanfunctions_impl.py:1997: RuntimeWarning: Degrees of freedom <= 0 for slice.
  var = nanvar(a, axis=axis, dtype=dtype, out=out, ddof=ddof,
C:\Disertation\UoB-GeneTraceAI-25-26\final_pipeline\02_Proteinomics\06_protein_score_M2.py:301: RuntimeWarning: All-NaN slice encountered
  med = np.nanmedian(X, axis=0, keepdims=True)
C:\Disertation\UoB-GeneTraceAI-25-26\final_pipeline\02_Proteinomics\06_protein_score_M2.py:302: RuntimeWarning: All-NaN slice encountered
  mad = np.nanmedian(np.abs(X - med), axis=0, keepdims=True)
C:\Users\vigne\AppData\Roaming\Python\Python314\site-packages\numpy\lib\_nanfunctions_impl.py:1997: RuntimeWarning: Degrees of freedom <= 0 for slice.
  var = nanvar(a, axis=axis, dtype=dtype, out=out, ddof=ddof,
C:\Disertation\UoB-GeneTraceAI-25-26\final_pipeline\02_Proteinomics\06_protein_score_M2.py:301: RuntimeWarning: All-NaN slice encountered
  med = np.nanmedian(X, axis=0, keepdims=True)
C:\Disertation\UoB-GeneTraceAI-25-26\final_pipeline\02_Proteinomics\06_protein_score_M2.py:302: RuntimeWarning: All-NaN slice encountered
  mad = np.nanmedian(np.abs(X - med), axis=0, keepdims=True)
C:\Users\vigne\AppData\Roaming\Python\Python314\site-packages\numpy\lib\_nanfunctions_impl.py:1997: RuntimeWarning: Degrees of freedom <= 0 for slice.
  var = nanvar(a, axis=axis, dtype=dtype, out=out, ddof=ddof,
C:\Disertation\UoB-GeneTraceAI-25-26\final_pipeline\02_Proteinomics\06_protein_score_M2.py:301: RuntimeWarning: All-NaN slice encountered
  med = np.nanmedian(X, axis=0, keepdims=True)
C:\Disertation\UoB-GeneTraceAI-25-26\final_pipeline\02_Proteinomics\06_protein_score_M2.py:302: RuntimeWarning: All-NaN slice encountered
  mad = np.nanmedian(np.abs(X - med), axis=0, keepdims=True)
C:\Users\vigne\AppData\Roaming\Python\Python314\site-packages\numpy\lib\_nanfunctions_impl.py:1997: RuntimeWarning: Degrees of freedom <= 0 for slice.
  var = nanvar(a, axis=axis, dtype=dtype, out=out, ddof=ddof,
C:\Disertation\UoB-GeneTraceAI-25-26\final_pipeline\02_Proteinomics\06_protein_score_M2.py:301: RuntimeWarning: All-NaN slice encountered
  med = np.nanmedian(X, axis=0, keepdims=True)
C:\Disertation\UoB-GeneTraceAI-25-26\final_pipeline\02_Proteinomics\06_protein_score_M2.py:302: RuntimeWarning: All-NaN slice encountered
  mad = np.nanmedian(np.abs(X - med), axis=0, keepdims=True)
C:\Users\vigne\AppData\Roaming\Python\Python314\site-packages\numpy\lib\_nanfunctions_impl.py:1997: RuntimeWarning: Degrees of freedom <= 0 for slice.
  var = nanvar(a, axis=axis, dtype=dtype, out=out, ddof=ddof,
C:\Disertation\UoB-GeneTraceAI-25-26\final_pipeline\02_Proteinomics\06_protein_score_M2.py:301: RuntimeWarning: All-NaN slice encountered
  med = np.nanmedian(X, axis=0, keepdims=True)
C:\Disertation\UoB-GeneTraceAI-25-26\final_pipeline\02_Proteinomics\06_protein_score_M2.py:302: RuntimeWarning: All-NaN slice encountered
  mad = np.nanmedian(np.abs(X - med), axis=0, keepdims=True)
C:\Users\vigne\AppData\Roaming\Python\Python314\site-packages\numpy\lib\_nanfunctions_impl.py:1997: RuntimeWarning: Degrees of freedom <= 0 for slice.
  var = nanvar(a, axis=axis, dtype=dtype, out=out, ddof=ddof,
C:\Disertation\UoB-GeneTraceAI-25-26\final_pipeline\02_Proteinomics\06_protein_score_M2.py:301: RuntimeWarning: All-NaN slice encountered
  med = np.nanmedian(X, axis=0, keepdims=True)
C:\Disertation\UoB-GeneTraceAI-25-26\final_pipeline\02_Proteinomics\06_protein_score_M2.py:302: RuntimeWarning: All-NaN slice encountered
  mad = np.nanmedian(np.abs(X - med), axis=0, keepdims=True)
C:\Users\vigne\AppData\Roaming\Python\Python314\site-packages\numpy\lib\_nanfunctions_impl.py:1997: RuntimeWarning: Degrees of freedom <= 0 for slice.
  var = nanvar(a, axis=axis, dtype=dtype, out=out, ddof=ddof,
C:\Disertation\UoB-GeneTraceAI-25-26\final_pipeline\02_Proteinomics\06_protein_score_M2.py:301: RuntimeWarning: All-NaN slice encountered
  med = np.nanmedian(X, axis=0, keepdims=True)
C:\Disertation\UoB-GeneTraceAI-25-26\final_pipeline\02_Proteinomics\06_protein_score_M2.py:302: RuntimeWarning: All-NaN slice encountered
  mad = np.nanmedian(np.abs(X - med), axis=0, keepdims=True)
C:\Users\vigne\AppData\Roaming\Python\Python314\site-packages\numpy\lib\_nanfunctions_impl.py:1997: RuntimeWarning: Degrees of freedom <= 0 for slice.
  var = nanvar(a, axis=axis, dtype=dtype, out=out, ddof=ddof,
C:\Disertation\UoB-GeneTraceAI-25-26\final_pipeline\02_Proteinomics\06_protein_score_M2.py:301: RuntimeWarning: All-NaN slice encountered
  med = np.nanmedian(X, axis=0, keepdims=True)
C:\Disertation\UoB-GeneTraceAI-25-26\final_pipeline\02_Proteinomics\06_protein_score_M2.py:302: RuntimeWarning: All-NaN slice encountered
  mad = np.nanmedian(np.abs(X - med), axis=0, keepdims=True)
C:\Users\vigne\AppData\Roaming\Python\Python314\site-packages\numpy\lib\_nanfunctions_impl.py:1997: RuntimeWarning: Degrees of freedom <= 0 for slice.
  var = nanvar(a, axis=axis, dtype=dtype, out=out, ddof=ddof,
C:\Disertation\UoB-GeneTraceAI-25-26\final_pipeline\02_Proteinomics\06_protein_score_M2.py:301: RuntimeWarning: All-NaN slice encountered
  med = np.nanmedian(X, axis=0, keepdims=True)
C:\Disertation\UoB-GeneTraceAI-25-26\final_pipeline\02_Proteinomics\06_protein_score_M2.py:302: RuntimeWarning: All-NaN slice encountered
  mad = np.nanmedian(np.abs(X - med), axis=0, keepdims=True)
C:\Users\vigne\AppData\Roaming\Python\Python314\site-packages\numpy\lib\_nanfunctions_impl.py:1997: RuntimeWarning: Degrees of freedom <= 0 for slice.
  var = nanvar(a, axis=axis, dtype=dtype, out=out, ddof=ddof,
C:\Disertation\UoB-GeneTraceAI-25-26\final_pipeline\02_Proteinomics\06_protein_score_M2.py:301: RuntimeWarning: All-NaN slice encountered
  med = np.nanmedian(X, axis=0, keepdims=True)
C:\Disertation\UoB-GeneTraceAI-25-26\final_pipeline\02_Proteinomics\06_protein_score_M2.py:302: RuntimeWarning: All-NaN slice encountered
  mad = np.nanmedian(np.abs(X - med), axis=0, keepdims=True)
C:\Users\vigne\AppData\Roaming\Python\Python314\site-packages\numpy\lib\_nanfunctions_impl.py:1997: RuntimeWarning: Degrees of freedom <= 0 for slice.
  var = nanvar(a, axis=axis, dtype=dtype, out=out, ddof=ddof,
C:\Disertation\UoB-GeneTraceAI-25-26\final_pipeline\02_Proteinomics\06_protein_score_M2.py:301: RuntimeWarning: All-NaN slice encountered
  med = np.nanmedian(X, axis=0, keepdims=True)
C:\Disertation\UoB-GeneTraceAI-25-26\final_pipeline\02_Proteinomics\06_protein_score_M2.py:302: RuntimeWarning: All-NaN slice encountered
  mad = np.nanmedian(np.abs(X - med), axis=0, keepdims=True)
C:\Users\vigne\AppData\Roaming\Python\Python314\site-packages\numpy\lib\_nanfunctions_impl.py:1997: RuntimeWarning: Degrees of freedom <= 0 for slice.
  var = nanvar(a, axis=axis, dtype=dtype, out=out, ddof=ddof,
C:\Disertation\UoB-GeneTraceAI-25-26\final_pipeline\02_Proteinomics\06_protein_score_M2.py:301: RuntimeWarning: All-NaN slice encountered
  med = np.nanmedian(X, axis=0, keepdims=True)
C:\Disertation\UoB-GeneTraceAI-25-26\final_pipeline\02_Proteinomics\06_protein_score_M2.py:302: RuntimeWarning: All-NaN slice encountered
  mad = np.nanmedian(np.abs(X - med), axis=0, keepdims=True)
C:\Users\vigne\AppData\Roaming\Python\Python314\site-packages\numpy\lib\_nanfunctions_impl.py:1997: RuntimeWarning: Degrees of freedom <= 0 for slice.
  var = nanvar(a, axis=axis, dtype=dtype, out=out, ddof=ddof,
C:\Disertation\UoB-GeneTraceAI-25-26\final_pipeline\02_Proteinomics\06_protein_score_M2.py:301: RuntimeWarning: All-NaN slice encountered
  med = np.nanmedian(X, axis=0, keepdims=True)
C:\Disertation\UoB-GeneTraceAI-25-26\final_pipeline\02_Proteinomics\06_protein_score_M2.py:302: RuntimeWarning: All-NaN slice encountered
  mad = np.nanmedian(np.abs(X - med), axis=0, keepdims=True)
C:\Users\vigne\AppData\Roaming\Python\Python314\site-packages\numpy\lib\_nanfunctions_impl.py:1997: RuntimeWarning: Degrees of freedom <= 0 for slice.
  var = nanvar(a, axis=axis, dtype=dtype, out=out, ddof=ddof,
C:\Disertation\UoB-GeneTraceAI-25-26\final_pipeline\02_Proteinomics\06_protein_score_M2.py:301: RuntimeWarning: All-NaN slice encountered
  med = np.nanmedian(X, axis=0, keepdims=True)
C:\Disertation\UoB-GeneTraceAI-25-26\final_pipeline\02_Proteinomics\06_protein_score_M2.py:302: RuntimeWarning: All-NaN slice encountered
  mad = np.nanmedian(np.abs(X - med), axis=0, keepdims=True)
C:\Users\vigne\AppData\Roaming\Python\Python314\site-packages\numpy\lib\_nanfunctions_impl.py:1997: RuntimeWarning: Degrees of freedom <= 0 for slice.
  var = nanvar(a, axis=axis, dtype=dtype, out=out, ddof=ddof,
C:\Disertation\UoB-GeneTraceAI-25-26\final_pipeline\02_Proteinomics\06_protein_score_M2.py:301: RuntimeWarning: All-NaN slice encountered
  med = np.nanmedian(X, axis=0, keepdims=True)
C:\Disertation\UoB-GeneTraceAI-25-26\final_pipeline\02_Proteinomics\06_protein_score_M2.py:302: RuntimeWarning: All-NaN slice encountered
  mad = np.nanmedian(np.abs(X - med), axis=0, keepdims=True)
C:\Users\vigne\AppData\Roaming\Python\Python314\site-packages\numpy\lib\_nanfunctions_impl.py:1997: RuntimeWarning: Degrees of freedom <= 0 for slice.
  var = nanvar(a, axis=axis, dtype=dtype, out=out, ddof=ddof,
C:\Disertation\UoB-GeneTraceAI-25-26\final_pipeline\02_Proteinomics\06_protein_score_M2.py:301: RuntimeWarning: All-NaN slice encountered
  med = np.nanmedian(X, axis=0, keepdims=True)
C:\Disertation\UoB-GeneTraceAI-25-26\final_pipeline\02_Proteinomics\06_protein_score_M2.py:302: RuntimeWarning: All-NaN slice encountered
  mad = np.nanmedian(np.abs(X - med), axis=0, keepdims=True)
C:\Users\vigne\AppData\Roaming\Python\Python314\site-packages\numpy\lib\_nanfunctions_impl.py:1997: RuntimeWarning: Degrees of freedom <= 0 for slice.
  var = nanvar(a, axis=axis, dtype=dtype, out=out, ddof=ddof,
C:\Disertation\UoB-GeneTraceAI-25-26\final_pipeline\02_Proteinomics\06_protein_score_M2.py:301: RuntimeWarning: All-NaN slice encountered
  med = np.nanmedian(X, axis=0, keepdims=True)
C:\Disertation\UoB-GeneTraceAI-25-26\final_pipeline\02_Proteinomics\06_protein_score_M2.py:302: RuntimeWarning: All-NaN slice encountered
  mad = np.nanmedian(np.abs(X - med), axis=0, keepdims=True)
C:\Users\vigne\AppData\Roaming\Python\Python314\site-packages\numpy\lib\_nanfunctions_impl.py:1997: RuntimeWarning: Degrees of freedom <= 0 for slice.
  var = nanvar(a, axis=axis, dtype=dtype, out=out, ddof=ddof,
C:\Disertation\UoB-GeneTraceAI-25-26\final_pipeline\02_Proteinomics\06_protein_score_M2.py:301: RuntimeWarning: All-NaN slice encountered
  med = np.nanmedian(X, axis=0, keepdims=True)
C:\Disertation\UoB-GeneTraceAI-25-26\final_pipeline\02_Proteinomics\06_protein_score_M2.py:302: RuntimeWarning: All-NaN slice encountered
  mad = np.nanmedian(np.abs(X - med), axis=0, keepdims=True)
C:\Users\vigne\AppData\Roaming\Python\Python314\site-packages\numpy\lib\_nanfunctions_impl.py:1997: RuntimeWarning: Degrees of freedom <= 0 for slice.
  var = nanvar(a, axis=axis, dtype=dtype, out=out, ddof=ddof,
C:\Disertation\UoB-GeneTraceAI-25-26\final_pipeline\02_Proteinomics\06_protein_score_M2.py:301: RuntimeWarning: All-NaN slice encountered
  med = np.nanmedian(X, axis=0, keepdims=True)
C:\Disertation\UoB-GeneTraceAI-25-26\final_pipeline\02_Proteinomics\06_protein_score_M2.py:302: RuntimeWarning: All-NaN slice encountered
  mad = np.nanmedian(np.abs(X - med), axis=0, keepdims=True)
C:\Users\vigne\AppData\Roaming\Python\Python314\site-packages\numpy\lib\_nanfunctions_impl.py:1997: RuntimeWarning: Degrees of freedom <= 0 for slice.
  var = nanvar(a, axis=axis, dtype=dtype, out=out, ddof=ddof,
C:\Disertation\UoB-GeneTraceAI-25-26\final_pipeline\02_Proteinomics\06_protein_score_M2.py:301: RuntimeWarning: All-NaN slice encountered
  med = np.nanmedian(X, axis=0, keepdims=True)
C:\Disertation\UoB-GeneTraceAI-25-26\final_pipeline\02_Proteinomics\06_protein_score_M2.py:302: RuntimeWarning: All-NaN slice encountered
  mad = np.nanmedian(np.abs(X - med), axis=0, keepdims=True)
C:\Users\vigne\AppData\Roaming\Python\Python314\site-packages\numpy\lib\_nanfunctions_impl.py:1997: RuntimeWarning: Degrees of freedom <= 0 for slice.
  var = nanvar(a, axis=axis, dtype=dtype, out=out, ddof=ddof,
C:\Disertation\UoB-GeneTraceAI-25-26\final_pipeline\02_Proteinomics\06_protein_score_M2.py:301: RuntimeWarning: All-NaN slice encountered
  med = np.nanmedian(X, axis=0, keepdims=True)
C:\Disertation\UoB-GeneTraceAI-25-26\final_pipeline\02_Proteinomics\06_protein_score_M2.py:302: RuntimeWarning: All-NaN slice encountered
  mad = np.nanmedian(np.abs(X - med), axis=0, keepdims=True)
C:\Users\vigne\AppData\Roaming\Python\Python314\site-packages\numpy\lib\_nanfunctions_impl.py:1997: RuntimeWarning: Degrees of freedom <= 0 for slice.
  var = nanvar(a, axis=axis, dtype=dtype, out=out, ddof=ddof,
C:\Disertation\UoB-GeneTraceAI-25-26\final_pipeline\02_Proteinomics\06_protein_score_M2.py:301: RuntimeWarning: All-NaN slice encountered
  med = np.nanmedian(X, axis=0, keepdims=True)
C:\Disertation\UoB-GeneTraceAI-25-26\final_pipeline\02_Proteinomics\06_protein_score_M2.py:302: RuntimeWarning: All-NaN slice encountered
  mad = np.nanmedian(np.abs(X - med), axis=0, keepdims=True)
C:\Users\vigne\AppData\Roaming\Python\Python314\site-packages\numpy\lib\_nanfunctions_impl.py:1997: RuntimeWarning: Degrees of freedom <= 0 for slice.
  var = nanvar(a, axis=axis, dtype=dtype, out=out, ddof=ddof,
C:\Disertation\UoB-GeneTraceAI-25-26\final_pipeline\02_Proteinomics\06_protein_score_M2.py:301: RuntimeWarning: All-NaN slice encountered
  med = np.nanmedian(X, axis=0, keepdims=True)
C:\Disertation\UoB-GeneTraceAI-25-26\final_pipeline\02_Proteinomics\06_protein_score_M2.py:302: RuntimeWarning: All-NaN slice encountered
  mad = np.nanmedian(np.abs(X - med), axis=0, keepdims=True)
C:\Users\vigne\AppData\Roaming\Python\Python314\site-packages\numpy\lib\_nanfunctions_impl.py:1997: RuntimeWarning: Degrees of freedom <= 0 for slice.
  var = nanvar(a, axis=axis, dtype=dtype, out=out, ddof=ddof,
C:\Disertation\UoB-GeneTraceAI-25-26\final_pipeline\02_Proteinomics\06_protein_score_M2.py:575: UserWarning: Pandas doesn't allow columns to be created via a new attribute name - see https://pandas.pydata.org/pandas-docs/stable/indexing.html#attribute-access
  result.attrs_thr = thr  # for callers that want the derived values

======================================================================
GeneTraceAI — Full Pipeline
======================================================================
  [  ] Stage 0: 00_harmonisation       Check warehouse exists
  [  ] Stage 1: 01_Transcriptomics     RNA z-scores (transcriptomics.py, full genome)  ~2h
  [  ] Stage 2: 02_Proteinomics        Protein tier + z-scores (M2)              ~15-20 min
  [  ] Stage 3: 03_Altercations        Mutations + Fusions + CNA scoring
  [  ] Stage 4: Scoring                core_score + driver routing + tiers
  [  ] Stage 5: Ranking                Evidence ledger (all pairs)
  [  ] Stage 6: Validation             Held-out evaluation (hit@20)
  [  ] Stage 7: Testing                Diagnostic tests on outputs


======================================================================
Stage 2: 02_Proteinomics
======================================================================
======================================================================
02_Proteinomics — protein platform tier (ProCAN vs CCLE)
======================================================================
ProCAN long: 4,939,352 rows  |  proteins: 8,453  |  lines: 952
CCLE long:   3,400,546 rows  |  proteins: 12,558  |  lines: 375

Shared pairs: 1,205,143  |  eligible proteins (>=44 shared lines): 5,689

Tier distribution (5,689 proteins):
  cautious        2,122  (37.3%)
  conflicting     2,023  (35.6%)
  consistent      1,544  (27.1%)
Median rho: 0.378
Written: C:\Disertation\UoB-GeneTraceAI-25-26\final_pipeline\outputs\protein_platform_tier.parquet  (10s)

Exported 9,906,642 rows -> C:\Disertation\UoB-GeneTraceAI-25-26\final_pipeline\outputs\bulk_prot_z.parquet
  genes: 12,180  |  lines: 1,032

Stage 2 complete (342s)

======================================================================
Pipeline complete. Total time: 342s
Outputs in: final_pipeline/outputs/
======================================================================

